// Jest Snapshot v1, https://goo.gl/fbAQLP

exports[`renders Loader correctly 1`] = `ShallowWrapper {}`;
