// Jest Snapshot v1, https://goo.gl/fbAQLP

exports[`Layout should works properly Should match snapshot: Layout_snapshot_1 1`] = `
<div
  class="Layout"
>
  <div
    class="Header"
  >
    <h1>
      Travix ToDo list
    </h1>
    <div
      class="Counter"
    >
      <p>
        Tasks To Do: 0
      </p>
    </div>
  </div>
  <div
    class="List"
  >
    <div>
      Your ToDo list is empty. Please add a new Task or just seat and enjoy the live
      <span
        aria-label="palm"
        role="img"
      >
        ðŸŒ´
      </span>
    </div>
  </div>
  <div
    class="Footer"
  >
    <div
      class="Inputs"
    >
      <input
        class="Input"
        name="title"
        placeholder="Your next task..."
        type="text"
        value=""
      />
      <textarea
        class="Input"
        name="desc"
        placeholder="Please write some description..."
        rows="5"
        type="text"
      />
    </div>
    <div
      class="Buttons"
    >
      <button
        class="Button_Add null null"
        disabled=""
        type="button"
      >
        add
      </button>
    </div>
  </div>
</div>
`;
