// Jest Snapshot v1, https://goo.gl/fbAQLP

exports[`renders AddTask correctly 1`] = `ShallowWrapper {}`;
