// Jest Snapshot v1, https://goo.gl/fbAQLP

exports[`ButtonComponent Snapshot 1`] = `
.c0 {
  border: 0;
  padding: 0;
  color: #fff;
  background-color: #2196f3;
  margin: .8rem;
  box-shadow: 0 .1rem .5rem 0 rgba(0,0,0,0.2),0 .2rem .2rem 0 rgba(0,0,0,0.14),0 .3rem .1rem -0.2rem rgba(0,0,0,0.12);
  padding: .6rem 1.6rem;
  font-size: 1rem;
  min-width: 6.4rem;
  box-sizing: border-box;
  -webkit-transition: background-color 250ms cubic-bezier(0.4,0,0.2,1) 0ms,box-shadow 250ms cubic-bezier(0.4,0,0.2,1) 0ms;
  transition: background-color 250ms cubic-bezier(0.4,0,0.2,1) 0ms,box-shadow 250ms cubic-bezier(0.4,0,0.2,1) 0ms;
  line-height: 1.75;
  border-radius: .4rem;
  text-transform: uppercase;
  cursor: pointer;
  display: -webkit-inline-box;
  display: -webkit-inline-flex;
  display: -ms-inline-flexbox;
  display: inline-flex;
  -webkit-align-items: center;
  -webkit-box-align: center;
  -ms-flex-align: center;
  align-items: center;
  vertical-align: middle;
  -webkit-box-pack: center;
  -webkit-justify-content: center;
  -ms-flex-pack: center;
  justify-content: center;
  -webkit-text-decoration: none;
  text-decoration: none;
}

.c0:hover {
  background-color: #1976d2;
}

.c0:active {
  box-shadow: 0 .5rem .5rem -0.3rem rgba(0,0,0,0.2),0 .8rem 1rem .1rem rgba(0,0,0,0.14),0 .3rem 1.4rem .2rem rgba(0,0,0,0.12);
}

<button
  className="c0"
>
  Test
</button>
`;
