// Jest Snapshot v1, https://goo.gl/fbAQLP

exports[`GridItemComponent Snapshot 1`] = `
.c0 {
  display: -webkit-box;
  display: -webkit-flex;
  display: -ms-flexbox;
  display: flex;
  -webkit-box-pack: justify;
  -webkit-justify-content: space-between;
  -ms-flex-pack: justify;
  justify-content: space-between;
  -webkit-align-items: center;
  -webkit-box-align: center;
  -ms-flex-align: center;
  align-items: center;
}

.c0:hover {
  background: rgba(0,0,0,.05);
}

.c1 {
  display: -webkit-box;
  display: -webkit-flex;
  display: -ms-flexbox;
  display: flex;
  -webkit-align-items: center;
  -webkit-box-align: center;
  -ms-flex-align: center;
  align-items: center;
  padding: 0 1rem;
}

.c2 {
  display: -webkit-box;
  display: -webkit-flex;
  display: -ms-flexbox;
  display: flex;
  -webkit-flex-direction: column;
  -ms-flex-direction: column;
  flex-direction: column;
  margin-left: .5rem;
}

.c3 {
  color: #707070;
  font-size: 1.6rem;
  font-weight: 400;
  display: inline-block;
  margin-top: .7rem;
  margin-bottom: .5rem;
  vertical-align: top;
}

.c4 {
  color: #707070;
  font-size: 1.2rem;
  margin: 0 0 1rem;
}

.c5 {
  width: 2rem;
  height: 2rem;
  fill: #707070;
  margin: 0 1rem;
  cursor: pointer;
}

.c6 {
  width: 2rem;
  height: 2rem;
  fill: #707070;
  margin: 0 1rem;
  cursor: pointer;
}

<li
  className="c0"
>
  <div
    className="c1"
  >
    <div
      className="c2"
    >
      <h1
        className="c3"
      >
        title
      </h1>
      <p
        className="c4"
      >
        description
      </p>
    </div>
  </div>
  <div>
    <test-file-stub
      className="c5"
      onClick={[Function]}
    />
    <test-file-stub
      className="c6"
      onClick={[Function]}
    />
  </div>
</li>
`;
