// Jest Snapshot v1, https://goo.gl/fbAQLP

exports[`TaskTitleInput should render correctly 1`] = `
<input
  onBlur={[Function]}
  onChange={[Function]}
  value="A title"
/>
`;
