// Jest Snapshot v1, https://goo.gl/fbAQLP

exports[`App should render properly Should match snapshot: Header_snapshot_1 1`] = `
ShallowWrapper {
  Symbol(enzyme.__root__): [Circular],
  Symbol(enzyme.__unrendered__): <Header />,
  Symbol(enzyme.__renderer__): Object {
    "batchedUpdates": [Function],
    "getNode": [Function],
    "render": [Function],
    "simulateEvent": [Function],
    "unmount": [Function],
  },
  Symbol(enzyme.__node__): Object {
    "instance": null,
    "key": undefined,
    "nodeType": "host",
    "props": Object {
      "children": Array [
        <h1>
          Travix ToDo list
        </h1>,
        <div
          className="Counter"
        >
          <p>
            Tasks To Do: 
          </p>
        </div>,
      ],
      "className": "Header",
    },
    "ref": null,
    "rendered": Array [
      Object {
        "instance": null,
        "key": undefined,
        "nodeType": "host",
        "props": Object {
          "children": "Travix ToDo list",
        },
        "ref": null,
        "rendered": "Travix ToDo list",
        "type": "h1",
      },
      Object {
        "instance": null,
        "key": undefined,
        "nodeType": "host",
        "props": Object {
          "children": <p>
            Tasks To Do: 
          </p>,
          "className": "Counter",
        },
        "ref": null,
        "rendered": Object {
          "instance": null,
          "key": undefined,
          "nodeType": "host",
          "props": Object {
            "children": Array [
              "Tasks To Do: ",
              undefined,
            ],
          },
          "ref": null,
          "rendered": Array [
            "Tasks To Do: ",
            undefined,
          ],
          "type": "p",
        },
        "type": "div",
      },
    ],
    "type": "div",
  },
  Symbol(enzyme.__nodes__): Array [
    Object {
      "instance": null,
      "key": undefined,
      "nodeType": "host",
      "props": Object {
        "children": Array [
          <h1>
            Travix ToDo list
          </h1>,
          <div
            className="Counter"
          >
            <p>
              Tasks To Do: 
            </p>
          </div>,
        ],
        "className": "Header",
      },
      "ref": null,
      "rendered": Array [
        Object {
          "instance": null,
          "key": undefined,
          "nodeType": "host",
          "props": Object {
            "children": "Travix ToDo list",
          },
          "ref": null,
          "rendered": "Travix ToDo list",
          "type": "h1",
        },
        Object {
          "instance": null,
          "key": undefined,
          "nodeType": "host",
          "props": Object {
            "children": <p>
              Tasks To Do: 
            </p>,
            "className": "Counter",
          },
          "ref": null,
          "rendered": Object {
            "instance": null,
            "key": undefined,
            "nodeType": "host",
            "props": Object {
              "children": Array [
                "Tasks To Do: ",
                undefined,
              ],
            },
            "ref": null,
            "rendered": Array [
              "Tasks To Do: ",
              undefined,
            ],
            "type": "p",
          },
          "type": "div",
        },
      ],
      "type": "div",
    },
  ],
  Symbol(enzyme.__options__): Object {
    "adapter": ReactSixteenAdapter {
      "options": Object {
        "enableComponentDidUpdateOnSetState": true,
        "lifecycles": Object {
          "componentDidUpdate": Object {
            "onSetState": true,
          },
          "getSnapshotBeforeUpdate": true,
        },
      },
    },
    "attachTo": undefined,
    "hydrateIn": undefined,
  },
}
`;
