// Jest Snapshot v1, https://goo.gl/fbAQLP

exports[`TaskDescription should render correctly 1`] = `
<span>
  Something...
</span>
`;
