// Jest Snapshot v1, https://goo.gl/fbAQLP

exports[`<InputHOC /> should render component 1`] = `
<Component
  onChange={[Function]}
/>
`;
