// Jest Snapshot v1, https://goo.gl/fbAQLP

exports[`renders TaskList correctly 1`] = `ShallowWrapper {}`;
