// Jest Snapshot v1, https://goo.gl/fbAQLP

exports[`App should render properly Should match snapshot: Button_snapshot_1 1`] = `
<button
  class="null null null"
>
  add
</button>
`;
