// Jest Snapshot v1, https://goo.gl/fbAQLP

exports[`TaskDescriptionInput should render correctly 1`] = `
<input
  onChange={[Function]}
  value="A description"
/>
`;
