// Jest Snapshot v1, https://goo.gl/fbAQLP

exports[`Common.Spinner should render with props 1`] = `
<i
  className="fa fa-spinner fa-spin"
/>
`;
