// Jest Snapshot v1, https://goo.gl/fbAQLP

exports[`Tasks should render correctly 1`] = `
<div
  className="tasks"
>
  <h1
    className="tasks-title"
  >
    Tasks
  </h1>
  <Connect(TaskCreator) />
  <Connect(TaskList) />
</div>
`;
