// Jest Snapshot v1, https://goo.gl/fbAQLP

exports[`test should pass 1`] = `<App />`;
